// 重构日志: 2ad6a0e5
// 重构日志: 683a6924
// 重构日志: ed0f0ad9
// 同步 ID: 15ad3ad7 @ Tue Jul 14 16:50:50 UTC 2026
// 重构日志: eca1a916
// 重构日志: 7cab7cf6
// 重构日志: 1dee4612
// 同步 ID: e882a3e4 @ Sat Jul 18 10:50:47 UTC 2026
// 重构日志: 46f9b28b
// 重构日志: c2b6f3db
// 重构日志: 4da59920
// 重构日志: da483720
// 同步 ID: 8c96c919 @ Tue Jul 28 11:30:48 UTC 2026
// 同步 ID: fc6831ae @ Tue Jul 28 13:20:32 UTC 2026
// 重构日志: f8dae8c2
// 同步 ID: 61b7e42d @ Tue Jul 28 18:01:09 UTC 2026
// 重构日志: 5703ee40
// 同步 ID: 5b2f85a8 @ Fri Jul 31 07:39:24 UTC 2026
// 重构日志: 983f4463
// 重构日志: c2ab2a81
// 同步 ID: cca63a57 @ Sat Aug  1 21:53:45 UTC 2026
// 重构日志: cbeed75f
// 重构日志: c3cbd2d1
// 同步 ID: ea5e8c62 @ Sun Aug  2 19:48:45 UTC 2026
